// Jest Snapshot v1, https://goo.gl/fbAQLP

exports[`ChannelInfo 올바르게 렌더링 1`] = `
<DocumentFragment>
  <div
    class="flex items-center my-4 mb-8"
  >
    <img
      alt="channel"
      class="w-10 h-10 rounded-full"
      src="url"
    />
    <p
      class="ml-2 text-lg font-medium"
    >
      channel
    </p>
  </div>
</DocumentFragment>
`;
