// Jest Snapshot v1, https://goo.gl/fbAQLP

exports[`NotFound 올바르게 렌더링 1`] = `
<DocumentFragment>
  <div>
    Not Found!
  </div>
</DocumentFragment>
`;
